// Jest Snapshot v1, https://goo.gl/fbAQLP

exports[`should render Title correctly 1`] = `
<styled.h1>
  <span>
    my
  </span>
  Recipes
</styled.h1>
`;
