// Jest Snapshot v1, https://goo.gl/fbAQLP

exports[`should render RecipeInfo correctly 1`] = `
<styled.div>
  <styled.div>
    <h1>
      Fried Eggs
    </h1>
    <styled.div>
      <Link
        replace={false}
        to="/recipes/fried-eggs/edit"
      >
        <i
          className="fa fa-pencil"
        />
        Edit
      </Link>
       
      <i
        className="fa fa-times"
      />
      Delete
    </styled.div>
  </styled.div>
  <styled.h3>
    added 
    21 hours ago
  </styled.h3>
  <styled.div>
    <h3>
      directions
    </h3>
    <hr />
    <p>
      Heat butter in nonstick skillet. Break eggs and slip into pan, one at a time. Cook slowly until whites are completely set and yolks begin to thicken but are not hard, 5 to 6 minutes. Slide turner under each egg and carefully flip it over in pan. Cook second side to desired doneness. Sprinkle with salt and pepper. Serve immediately.
    </p>
  </styled.div>
  <styled.div>
    <h3>
      ingredients
    </h3>
    <hr />
    <div
      key="0"
    >
      <div>
        eggs
      </div>
      <div>
        2-4
      </div>
    </div>
    <div
      key="1"
    >
      <div>
        butter
      </div>
      <div />
    </div>
    <div
      key="2"
    >
      <div>
        salt
      </div>
      <div />
    </div>
    <div
      key="3"
    >
      <div>
        pepper
      </div>
      <div />
    </div>
  </styled.div>
  <hr />
  <styled.div>
    <span>
      <i
        className="fa fa-clock-o"
      />
      9 minutes
    </span>
    <span>
      <i
        className="fa fa-users"
      />
      2 to 4 servings
    </span>
  </styled.div>
</styled.div>
`;
